------------------------------------------------------------
Timing Analyzer Summary
------------------------------------------------------------

Type  : Slow 900mV 100C Model Setup 'clk'
Slack : 0.077
TNS   : 0.000

Type  : Slow 900mV 100C Model Hold 'clk'
Slack : 0.039
TNS   : 0.000

Type  : Slow 900mV 100C Model Minimum Pulse Width 'clk'
Slack : 1.464
TNS   : 0.000

Type  : Slow 900mV 0C Model Setup 'clk'
Slack : 0.130
TNS   : 0.000

Type  : Slow 900mV 0C Model Hold 'clk'
Slack : 0.038
TNS   : 0.000

Type  : Slow 900mV 0C Model Minimum Pulse Width 'clk'
Slack : 1.467
TNS   : 0.000

Type  : Fast 900mV 100C Model Setup 'clk'
Slack : 0.886
TNS   : 0.000

Type  : Fast 900mV 100C Model Hold 'clk'
Slack : 0.016
TNS   : 0.000

Type  : Fast 900mV 100C Model Minimum Pulse Width 'clk'
Slack : 1.480
TNS   : 0.000

Type  : Fast 900mV 0C Model Setup 'clk'
Slack : 1.361
TNS   : 0.000

Type  : Fast 900mV 0C Model Hold 'clk'
Slack : 0.013
TNS   : 0.000

Type  : Fast 900mV 0C Model Minimum Pulse Width 'clk'
Slack : 1.501
TNS   : 0.000

------------------------------------------------------------
