------------------------------------------------------------
Timing Analyzer Summary
------------------------------------------------------------

Type  : Slow 900mV 100C Model Setup 'clk'
Slack : 0.295
TNS   : 0.000

Type  : Slow 900mV 100C Model Hold 'clk'
Slack : 0.038
TNS   : 0.000

Type  : Slow 900mV 100C Model Minimum Pulse Width 'clk'
Slack : 1.453
TNS   : 0.000

Type  : Slow 900mV 0C Model Setup 'clk'
Slack : 0.388
TNS   : 0.000

Type  : Slow 900mV 0C Model Hold 'clk'
Slack : 0.035
TNS   : 0.000

Type  : Slow 900mV 0C Model Minimum Pulse Width 'clk'
Slack : 1.461
TNS   : 0.000

Type  : Fast 900mV 100C Model Setup 'clk'
Slack : 0.995
TNS   : 0.000

Type  : Fast 900mV 100C Model Hold 'clk'
Slack : 0.014
TNS   : 0.000

Type  : Fast 900mV 100C Model Minimum Pulse Width 'clk'
Slack : 1.479
TNS   : 0.000

Type  : Fast 900mV 0C Model Setup 'clk'
Slack : 1.448
TNS   : 0.000

Type  : Fast 900mV 0C Model Hold 'clk'
Slack : 0.011
TNS   : 0.000

Type  : Fast 900mV 0C Model Minimum Pulse Width 'clk'
Slack : 1.502
TNS   : 0.000

------------------------------------------------------------
