Timing Analyzer report for opq_native_sv_4lane_signoff
Tue Apr 28 13:35:48 2026
Quartus Prime Version 18.1.0 Build 625 09/12/2018 SJ Standard Edition


---------------------
; Table of Contents ;
---------------------
  1. Legal Notice
  2. Timing Analyzer Summary
  3. Parallel Compilation
  4. SDC File List
  5. Clocks
  6. Slow 900mV 100C Model Fmax Summary
  7. Timing Closure Recommendations
  8. Slow 900mV 100C Model Setup Summary
  9. Slow 900mV 100C Model Hold Summary
 10. Slow 900mV 100C Model Recovery Summary
 11. Slow 900mV 100C Model Removal Summary
 12. Slow 900mV 100C Model Minimum Pulse Width Summary
 13. Slow 900mV 100C Model Metastability Summary
 14. Slow 900mV 0C Model Fmax Summary
 15. Slow 900mV 0C Model Setup Summary
 16. Slow 900mV 0C Model Hold Summary
 17. Slow 900mV 0C Model Recovery Summary
 18. Slow 900mV 0C Model Removal Summary
 19. Slow 900mV 0C Model Minimum Pulse Width Summary
 20. Slow 900mV 0C Model Metastability Summary
 21. Fast 900mV 100C Model Setup Summary
 22. Fast 900mV 100C Model Hold Summary
 23. Fast 900mV 100C Model Recovery Summary
 24. Fast 900mV 100C Model Removal Summary
 25. Fast 900mV 100C Model Minimum Pulse Width Summary
 26. Fast 900mV 100C Model Metastability Summary
 27. Fast 900mV 0C Model Setup Summary
 28. Fast 900mV 0C Model Hold Summary
 29. Fast 900mV 0C Model Recovery Summary
 30. Fast 900mV 0C Model Removal Summary
 31. Fast 900mV 0C Model Minimum Pulse Width Summary
 32. Fast 900mV 0C Model Metastability Summary
 33. Multicorner Timing Analysis Summary
 34. Board Trace Model Assignments
 35. Input Transition Times
 36. Signal Integrity Metrics (Slow 900mv 100c Model)
 37. Signal Integrity Metrics (Fast 900mv 0c Model)
 38. Setup Transfers
 39. Hold Transfers
 40. Unconstrained Paths Summary
 41. Clock Status Summary
 42. Unconstrained Input Ports
 43. Unconstrained Output Ports
 44. Unconstrained Input Ports
 45. Unconstrained Output Ports
 46. Timing Analyzer Messages



----------------
; Legal Notice ;
----------------
Copyright (C) 2018  Intel Corporation. All rights reserved.
Your use of Intel Corporation's design tools, logic functions
and other software and tools, and its AMPP partner logic
functions, and any output files from any of the foregoing
(including device programming or simulation files), and any
associated documentation or information are expressly subject
to the terms and conditions of the Intel Program License
Subscription Agreement, the Intel Quartus Prime License Agreement,
the Intel FPGA IP License Agreement, or other applicable license
agreement, including, without limitation, that your use is for
the sole purpose of programming logic devices manufactured by
Intel and sold by Intel or its authorized distributors.  Please
refer to the applicable agreement for further details.



+---------------------------------------------------------------------------------+
; Timing Analyzer Summary                                                         ;
+-----------------------+---------------------------------------------------------+
; Quartus Prime Version ; Version 18.1.0 Build 625 09/12/2018 SJ Standard Edition ;
; Timing Analyzer       ; Timing Analyzer                                         ;
; Revision Name         ; opq_native_sv_4lane_signoff                             ;
; Device Family         ; Arria 10                                                ;
; Device Name           ; 10AX115N2F45E1SG                                        ;
; Timing Models         ; Final                                                   ;
; Delay Model           ; Combined                                                ;
; Rise/Fall Delays      ; Enabled                                                 ;
+-----------------------+---------------------------------------------------------+


+------------------------------------------+
; Parallel Compilation                     ;
+----------------------------+-------------+
; Processors                 ; Number      ;
+----------------------------+-------------+
; Number detected on machine ; 32          ;
; Maximum allowed            ; 16          ;
;                            ;             ;
; Average used               ; 1.58        ;
; Maximum used               ; 16          ;
;                            ;             ;
; Usage by Processor         ; % Time Used ;
;     Processor 1            ; 100.0%      ;
;     Processors 2-16        ;   3.9%      ;
+----------------------------+-------------+


+---------------------------------------------------------------------+
; SDC File List                                                       ;
+---------------------------------+--------+--------------------------+
; SDC File Path                   ; Status ; Read at                  ;
+---------------------------------+--------+--------------------------+
; opq_native_sv_4lane_signoff.sdc ; OK     ; Tue Apr 28 13:35:45 2026 ;
+---------------------------------+--------+--------------------------+


+---------------------------------------------------------------------------------------------------------------------------------------------------------------------------------+
; Clocks                                                                                                                                                                          ;
+------------+------+--------+------------+-------+-------+------------+-----------+-------------+-------+--------+-----------+------------+----------+--------+--------+---------+
; Clock Name ; Type ; Period ; Frequency  ; Rise  ; Fall  ; Duty Cycle ; Divide by ; Multiply by ; Phase ; Offset ; Edge List ; Edge Shift ; Inverted ; Master ; Source ; Targets ;
+------------+------+--------+------------+-------+-------+------------+-----------+-------------+-------+--------+-----------+------------+----------+--------+--------+---------+
; clk        ; Base ; 3.636  ; 275.03 MHz ; 0.000 ; 1.818 ;            ;           ;             ;       ;        ;           ;            ;          ;        ;        ; { clk } ;
+------------+------+--------+------------+-------+-------+------------+-----------+-------------+-------+--------+-----------+------------+----------+--------+--------+---------+


+--------------------------------------------------+
; Slow 900mV 100C Model Fmax Summary               ;
+------------+-----------------+------------+------+
; Fmax       ; Restricted Fmax ; Clock Name ; Note ;
+------------+-----------------+------------+------+
; 294.38 MHz ; 294.38 MHz      ; clk        ;      ;
+------------+-----------------+------------+------+
This panel reports FMAX for every clock in the design, regardless of the user-specified clock periods.  FMAX is only computed for paths where the source and destination registers or ports are driven by the same clock.  Paths of different clocks, including generated clocks, are ignored.  For paths between a clock and its inversion, FMAX is computed as if the rising and falling edges are scaled along with FMAX, such that the duty cycle (in terms of a percentage) is maintained. Altera recommends that you always use clock constraints and other slack reports for sign-off analysis.


----------------------------------
; Timing Closure Recommendations ;
----------------------------------
HTML report is unavailable in plain text report export.


+-------------------------------------+
; Slow 900mV 100C Model Setup Summary ;
+-------+-------+---------------------+
; Clock ; Slack ; End Point TNS       ;
+-------+-------+---------------------+
; clk   ; 0.239 ; 0.000               ;
+-------+-------+---------------------+


+------------------------------------+
; Slow 900mV 100C Model Hold Summary ;
+-------+-------+--------------------+
; Clock ; Slack ; End Point TNS      ;
+-------+-------+--------------------+
; clk   ; 0.039 ; 0.000              ;
+-------+-------+--------------------+


------------------------------------------
; Slow 900mV 100C Model Recovery Summary ;
------------------------------------------
No paths to report.


-----------------------------------------
; Slow 900mV 100C Model Removal Summary ;
-----------------------------------------
No paths to report.


+---------------------------------------------------+
; Slow 900mV 100C Model Minimum Pulse Width Summary ;
+-------+-------+-----------------------------------+
; Clock ; Slack ; End Point TNS                     ;
+-------+-------+-----------------------------------+
; clk   ; 1.453 ; 0.000                             ;
+-------+-------+-----------------------------------+


-----------------------------------------------
; Slow 900mV 100C Model Metastability Summary ;
-----------------------------------------------
No synchronizer chains to report.


+--------------------------------------------------+
; Slow 900mV 0C Model Fmax Summary                 ;
+------------+-----------------+------------+------+
; Fmax       ; Restricted Fmax ; Clock Name ; Note ;
+------------+-----------------+------------+------+
; 308.17 MHz ; 308.17 MHz      ; clk        ;      ;
+------------+-----------------+------------+------+
This panel reports FMAX for every clock in the design, regardless of the user-specified clock periods.  FMAX is only computed for paths where the source and destination registers or ports are driven by the same clock.  Paths of different clocks, including generated clocks, are ignored.  For paths between a clock and its inversion, FMAX is computed as if the rising and falling edges are scaled along with FMAX, such that the duty cycle (in terms of a percentage) is maintained. Altera recommends that you always use clock constraints and other slack reports for sign-off analysis.


+-----------------------------------+
; Slow 900mV 0C Model Setup Summary ;
+-------+-------+-------------------+
; Clock ; Slack ; End Point TNS     ;
+-------+-------+-------------------+
; clk   ; 0.391 ; 0.000             ;
+-------+-------+-------------------+


+----------------------------------+
; Slow 900mV 0C Model Hold Summary ;
+-------+-------+------------------+
; Clock ; Slack ; End Point TNS    ;
+-------+-------+------------------+
; clk   ; 0.036 ; 0.000            ;
+-------+-------+------------------+


----------------------------------------
; Slow 900mV 0C Model Recovery Summary ;
----------------------------------------
No paths to report.


---------------------------------------
; Slow 900mV 0C Model Removal Summary ;
---------------------------------------
No paths to report.


+-------------------------------------------------+
; Slow 900mV 0C Model Minimum Pulse Width Summary ;
+-------+-------+---------------------------------+
; Clock ; Slack ; End Point TNS                   ;
+-------+-------+---------------------------------+
; clk   ; 1.459 ; 0.000                           ;
+-------+-------+---------------------------------+


---------------------------------------------
; Slow 900mV 0C Model Metastability Summary ;
---------------------------------------------
No synchronizer chains to report.


+-------------------------------------+
; Fast 900mV 100C Model Setup Summary ;
+-------+-------+---------------------+
; Clock ; Slack ; End Point TNS       ;
+-------+-------+---------------------+
; clk   ; 1.028 ; 0.000               ;
+-------+-------+---------------------+


+------------------------------------+
; Fast 900mV 100C Model Hold Summary ;
+-------+-------+--------------------+
; Clock ; Slack ; End Point TNS      ;
+-------+-------+--------------------+
; clk   ; 0.014 ; 0.000              ;
+-------+-------+--------------------+


------------------------------------------
; Fast 900mV 100C Model Recovery Summary ;
------------------------------------------
No paths to report.


-----------------------------------------
; Fast 900mV 100C Model Removal Summary ;
-----------------------------------------
No paths to report.


+---------------------------------------------------+
; Fast 900mV 100C Model Minimum Pulse Width Summary ;
+-------+-------+-----------------------------------+
; Clock ; Slack ; End Point TNS                     ;
+-------+-------+-----------------------------------+
; clk   ; 1.479 ; 0.000                             ;
+-------+-------+-----------------------------------+


-----------------------------------------------
; Fast 900mV 100C Model Metastability Summary ;
-----------------------------------------------
No synchronizer chains to report.


+-----------------------------------+
; Fast 900mV 0C Model Setup Summary ;
+-------+-------+-------------------+
; Clock ; Slack ; End Point TNS     ;
+-------+-------+-------------------+
; clk   ; 1.507 ; 0.000             ;
+-------+-------+-------------------+


+----------------------------------+
; Fast 900mV 0C Model Hold Summary ;
+-------+-------+------------------+
; Clock ; Slack ; End Point TNS    ;
+-------+-------+------------------+
; clk   ; 0.012 ; 0.000            ;
+-------+-------+------------------+


----------------------------------------
; Fast 900mV 0C Model Recovery Summary ;
----------------------------------------
No paths to report.


---------------------------------------
; Fast 900mV 0C Model Removal Summary ;
---------------------------------------
No paths to report.


+-------------------------------------------------+
; Fast 900mV 0C Model Minimum Pulse Width Summary ;
+-------+-------+---------------------------------+
; Clock ; Slack ; End Point TNS                   ;
+-------+-------+---------------------------------+
; clk   ; 1.501 ; 0.000                           ;
+-------+-------+---------------------------------+


---------------------------------------------
; Fast 900mV 0C Model Metastability Summary ;
---------------------------------------------
No synchronizer chains to report.


+-----------------------------------------------------------------------------+
; Multicorner Timing Analysis Summary                                         ;
+------------------+-------+-------+----------+---------+---------------------+
; Clock            ; Setup ; Hold  ; Recovery ; Removal ; Minimum Pulse Width ;
+------------------+-------+-------+----------+---------+---------------------+
; Worst-case Slack ; 0.239 ; 0.012 ; N/A      ; N/A     ; 1.453               ;
;  clk             ; 0.239 ; 0.012 ; N/A      ; N/A     ; 1.453               ;
; Design-wide TNS  ; 0.0   ; 0.0   ; 0.0      ; 0.0     ; 0.0                 ;
;  clk             ; 0.000 ; 0.000 ; N/A      ; N/A     ; 0.000               ;
+------------------+-------+-------+----------+---------+---------------------+


+--------------------------------------------------------------------------------------------------------------------------------------------------------------------------------------------------------------------------------------------------------------------------------------------------------------------------------------------------------------------------------------------------------+
; Board Trace Model Assignments                                                                                                                                                                                                                                                                                                                                                                          ;
+-----+--------------+-------------------+-------------------------+-------------------------+---------------+---------------------+----------------+------------------+--------+------------------+------------------------+------------------------+--------------+---------------+-----------------+-------+---------------------+--------------------+---------------+-----------------+-------------+
; Pin ; I/O Standard ; Near Tline Length ; Near Tline L per Length ; Near Tline C per Length ; Near Series R ; Near Differential R ; Near Pull-up R ; Near Pull-down R ; Near C ; Far Tline Length ; Far Tline L per Length ; Far Tline C per Length ; Far Series R ; Far Pull-up R ; Far Pull-down R ; Far C ; Termination Voltage ; Far Differential R ; EBD File Name ; EBD Signal Name ; EBD Far-end ;
+-----+--------------+-------------------+-------------------------+-------------------------+---------------+---------------------+----------------+------------------+--------+------------------+------------------------+------------------------+--------------+---------------+-----------------+-------+---------------------+--------------------+---------------+-----------------+-------------+


+-------------------------------------------------------------------+
; Input Transition Times                                            ;
+----------------+--------------+-----------------+-----------------+
; Pin            ; I/O Standard ; 10-90 Rise Time ; 90-10 Fall Time ;
+----------------+--------------+-----------------+-----------------+
; ~ALTERA_DATA0~ ; 1.8 V        ; 1440 ps         ; 1440 ps         ;
+----------------+--------------+-----------------+-----------------+


+----------------------------------------------------------------------------------------------------------------------------------------------------------------------------------------------------------------------------------------------------------------------------------------------------------------------------------------------------------------------------------------------------------------------------------------------------------------------------------------------------------------------------------------------------------------------------------------------------------------------------------------------------------------------------------+
; Signal Integrity Metrics (Slow 900mv 100c Model)                                                                                                                                                                                                                                                                                                                                                                                                                                                                                                                                                                                                                                 ;
+-----+--------------+---------------------+---------------------+------------------------------+------------------------------+---------------------+---------------------+--------------------------------------+--------------------------------------+-----------------------------+-----------------------------+----------------------------+----------------------------+-----------------------------+-----------------------------+--------------------+--------------------+-------------------------------------+-------------------------------------+----------------------------+----------------------------+---------------------------+---------------------------+
; Pin ; I/O Standard ; Board Delay on Rise ; Board Delay on Fall ; Steady State Voh at FPGA Pin ; Steady State Vol at FPGA Pin ; Voh Max at FPGA Pin ; Vol Min at FPGA Pin ; Ringback Voltage on Rise at FPGA Pin ; Ringback Voltage on Fall at FPGA Pin ; 10-90 Rise Time at FPGA Pin ; 90-10 Fall Time at FPGA Pin ; Monotonic Rise at FPGA Pin ; Monotonic Fall at FPGA Pin ; Steady State Voh at Far-end ; Steady State Vol at Far-end ; Voh Max at Far-end ; Vol Min at Far-end ; Ringback Voltage on Rise at Far-end ; Ringback Voltage on Fall at Far-end ; 10-90 Rise Time at Far-end ; 90-10 Fall Time at Far-end ; Monotonic Rise at Far-end ; Monotonic Fall at Far-end ;
+-----+--------------+---------------------+---------------------+------------------------------+------------------------------+---------------------+---------------------+--------------------------------------+--------------------------------------+-----------------------------+-----------------------------+----------------------------+----------------------------+-----------------------------+-----------------------------+--------------------+--------------------+-------------------------------------+-------------------------------------+----------------------------+----------------------------+---------------------------+---------------------------+


+----------------------------------------------------------------------------------------------------------------------------------------------------------------------------------------------------------------------------------------------------------------------------------------------------------------------------------------------------------------------------------------------------------------------------------------------------------------------------------------------------------------------------------------------------------------------------------------------------------------------------------------------------------------------------------+
; Signal Integrity Metrics (Fast 900mv 0c Model)                                                                                                                                                                                                                                                                                                                                                                                                                                                                                                                                                                                                                                   ;
+-----+--------------+---------------------+---------------------+------------------------------+------------------------------+---------------------+---------------------+--------------------------------------+--------------------------------------+-----------------------------+-----------------------------+----------------------------+----------------------------+-----------------------------+-----------------------------+--------------------+--------------------+-------------------------------------+-------------------------------------+----------------------------+----------------------------+---------------------------+---------------------------+
; Pin ; I/O Standard ; Board Delay on Rise ; Board Delay on Fall ; Steady State Voh at FPGA Pin ; Steady State Vol at FPGA Pin ; Voh Max at FPGA Pin ; Vol Min at FPGA Pin ; Ringback Voltage on Rise at FPGA Pin ; Ringback Voltage on Fall at FPGA Pin ; 10-90 Rise Time at FPGA Pin ; 90-10 Fall Time at FPGA Pin ; Monotonic Rise at FPGA Pin ; Monotonic Fall at FPGA Pin ; Steady State Voh at Far-end ; Steady State Vol at Far-end ; Voh Max at Far-end ; Vol Min at Far-end ; Ringback Voltage on Rise at Far-end ; Ringback Voltage on Fall at Far-end ; 10-90 Rise Time at Far-end ; 90-10 Fall Time at Far-end ; Monotonic Rise at Far-end ; Monotonic Fall at Far-end ;
+-----+--------------+---------------------+---------------------+------------------------------+------------------------------+---------------------+---------------------+--------------------------------------+--------------------------------------+-----------------------------+-----------------------------+----------------------------+----------------------------+-----------------------------+-----------------------------+--------------------+--------------------+-------------------------------------+-------------------------------------+----------------------------+----------------------------+---------------------------+---------------------------+


+-------------------------------------------------------------------+
; Setup Transfers                                                   ;
+------------+----------+----------+----------+----------+----------+
; From Clock ; To Clock ; RR Paths ; FR Paths ; RF Paths ; FF Paths ;
+------------+----------+----------+----------+----------+----------+
; clk        ; clk      ; 1020702  ; 0        ; 0        ; 0        ;
+------------+----------+----------+----------+----------+----------+
Entries labeled "false path" only account for clock-to-clock false paths and not path-based false paths. As a result, actual path counts may be lower than reported.


+-------------------------------------------------------------------+
; Hold Transfers                                                    ;
+------------+----------+----------+----------+----------+----------+
; From Clock ; To Clock ; RR Paths ; FR Paths ; RF Paths ; FF Paths ;
+------------+----------+----------+----------+----------+----------+
; clk        ; clk      ; 1020702  ; 0        ; 0        ; 0        ;
+------------+----------+----------+----------+----------+----------+
Entries labeled "false path" only account for clock-to-clock false paths and not path-based false paths. As a result, actual path counts may be lower than reported.


+------------------------------------------------+
; Unconstrained Paths Summary                    ;
+---------------------------------+-------+------+
; Property                        ; Setup ; Hold ;
+---------------------------------+-------+------+
; Illegal Clocks                  ; 0     ; 0    ;
; Unconstrained Clocks            ; 0     ; 0    ;
; Unconstrained Input Ports       ; 1     ; 1    ;
; Unconstrained Input Port Paths  ; 7466  ; 7466 ;
; Unconstrained Output Ports      ; 16    ; 16   ;
; Unconstrained Output Port Paths ; 448   ; 448  ;
+---------------------------------+-------+------+


+-------------------------------------+
; Clock Status Summary                ;
+--------+-------+------+-------------+
; Target ; Clock ; Type ; Status      ;
+--------+-------+------+-------------+
; clk    ; clk   ; Base ; Constrained ;
+--------+-------+------+-------------+


+---------------------------------------------------------------------------------------------------+
; Unconstrained Input Ports                                                                         ;
+------------+--------------------------------------------------------------------------------------+
; Input Port ; Comment                                                                              ;
+------------+--------------------------------------------------------------------------------------+
; reset_n    ; No input delay, min/max delays, false-path exceptions, or max skew assignments found ;
+------------+--------------------------------------------------------------------------------------+


+--------------------------------------------------------------------------------------------------------+
; Unconstrained Output Ports                                                                             ;
+----------------+---------------------------------------------------------------------------------------+
; Output Port    ; Comment                                                                               ;
+----------------+---------------------------------------------------------------------------------------+
; activity_o[0]  ; No output delay, min/max delays, false-path exceptions, or max skew assignments found ;
; activity_o[1]  ; No output delay, min/max delays, false-path exceptions, or max skew assignments found ;
; activity_o[2]  ; No output delay, min/max delays, false-path exceptions, or max skew assignments found ;
; activity_o[3]  ; No output delay, min/max delays, false-path exceptions, or max skew assignments found ;
; activity_o[4]  ; No output delay, min/max delays, false-path exceptions, or max skew assignments found ;
; activity_o[5]  ; No output delay, min/max delays, false-path exceptions, or max skew assignments found ;
; activity_o[6]  ; No output delay, min/max delays, false-path exceptions, or max skew assignments found ;
; activity_o[7]  ; No output delay, min/max delays, false-path exceptions, or max skew assignments found ;
; activity_o[8]  ; No output delay, min/max delays, false-path exceptions, or max skew assignments found ;
; activity_o[9]  ; No output delay, min/max delays, false-path exceptions, or max skew assignments found ;
; activity_o[10] ; No output delay, min/max delays, false-path exceptions, or max skew assignments found ;
; activity_o[11] ; No output delay, min/max delays, false-path exceptions, or max skew assignments found ;
; activity_o[12] ; No output delay, min/max delays, false-path exceptions, or max skew assignments found ;
; activity_o[13] ; No output delay, min/max delays, false-path exceptions, or max skew assignments found ;
; activity_o[14] ; No output delay, min/max delays, false-path exceptions, or max skew assignments found ;
; activity_o[15] ; No output delay, min/max delays, false-path exceptions, or max skew assignments found ;
+----------------+---------------------------------------------------------------------------------------+


+---------------------------------------------------------------------------------------------------+
; Unconstrained Input Ports                                                                         ;
+------------+--------------------------------------------------------------------------------------+
; Input Port ; Comment                                                                              ;
+------------+--------------------------------------------------------------------------------------+
; reset_n    ; No input delay, min/max delays, false-path exceptions, or max skew assignments found ;
+------------+--------------------------------------------------------------------------------------+


+--------------------------------------------------------------------------------------------------------+
; Unconstrained Output Ports                                                                             ;
+----------------+---------------------------------------------------------------------------------------+
; Output Port    ; Comment                                                                               ;
+----------------+---------------------------------------------------------------------------------------+
; activity_o[0]  ; No output delay, min/max delays, false-path exceptions, or max skew assignments found ;
; activity_o[1]  ; No output delay, min/max delays, false-path exceptions, or max skew assignments found ;
; activity_o[2]  ; No output delay, min/max delays, false-path exceptions, or max skew assignments found ;
; activity_o[3]  ; No output delay, min/max delays, false-path exceptions, or max skew assignments found ;
; activity_o[4]  ; No output delay, min/max delays, false-path exceptions, or max skew assignments found ;
; activity_o[5]  ; No output delay, min/max delays, false-path exceptions, or max skew assignments found ;
; activity_o[6]  ; No output delay, min/max delays, false-path exceptions, or max skew assignments found ;
; activity_o[7]  ; No output delay, min/max delays, false-path exceptions, or max skew assignments found ;
; activity_o[8]  ; No output delay, min/max delays, false-path exceptions, or max skew assignments found ;
; activity_o[9]  ; No output delay, min/max delays, false-path exceptions, or max skew assignments found ;
; activity_o[10] ; No output delay, min/max delays, false-path exceptions, or max skew assignments found ;
; activity_o[11] ; No output delay, min/max delays, false-path exceptions, or max skew assignments found ;
; activity_o[12] ; No output delay, min/max delays, false-path exceptions, or max skew assignments found ;
; activity_o[13] ; No output delay, min/max delays, false-path exceptions, or max skew assignments found ;
; activity_o[14] ; No output delay, min/max delays, false-path exceptions, or max skew assignments found ;
; activity_o[15] ; No output delay, min/max delays, false-path exceptions, or max skew assignments found ;
+----------------+---------------------------------------------------------------------------------------+


+--------------------------+
; Timing Analyzer Messages ;
+--------------------------+
Info: *******************************************************************
Info: Running Quartus Prime Timing Analyzer
    Info: Version 18.1.0 Build 625 09/12/2018 SJ Standard Edition
    Info: Processing started: Tue Apr 28 13:35:36 2026
Info: Command: quartus_sta opq_native_sv_4lane_signoff -c opq_native_sv_4lane_signoff
Info: qsta_default_script.tcl version: #1
Info (20032): Parallel compilation is enabled and will use up to 16 processors
Info (21076): Core supply voltage operating condition is not set. Assuming a default value of '0.9V'.
Info (21076): High junction temperature operating condition is not set. Assuming a default value of '100'.
Info (21076): Low junction temperature operating condition is not set. Assuming a default value of '0'.
Info (332104): Reading SDC File: 'opq_native_sv_4lane_signoff.sdc'
Warning (114001): Time value "3.636364 ns" truncated to "3.636 ns"
Warning (114001): Time value "3.636364 ns" truncated to "3.636 ns"
Info (332151): Clock uncertainty is not calculated until you update the timing netlist.
Info (332154): The derive_clock_uncertainty command did not apply clock uncertainty to any clock-to-clock transfers.
Info: Found TIMING_ANALYZER_REPORT_SCRIPT_INCLUDE_DEFAULT_ANALYSIS = ON
Info: Analyzing Slow 900mV 100C Model
Info (332146): Worst-case setup slack is 0.239
    Info (332119):     Slack       End Point TNS Clock
    Info (332119): ========= =================== =====================
    Info (332119):     0.239               0.000 clk
Info (332146): Worst-case hold slack is 0.039
    Info (332119):     Slack       End Point TNS Clock
    Info (332119): ========= =================== =====================
    Info (332119):     0.039               0.000 clk
Info (332140): No Recovery paths to report
Info (332140): No Removal paths to report
Info (332146): Worst-case minimum pulse width slack is 1.453
    Info (332119):     Slack       End Point TNS Clock
    Info (332119): ========= =================== =====================
    Info (332119):     1.453               0.000 clk
Info: Analyzing Slow 900mV 0C Model
Info (332146): Worst-case setup slack is 0.391
    Info (332119):     Slack       End Point TNS Clock
    Info (332119): ========= =================== =====================
    Info (332119):     0.391               0.000 clk
Info (332146): Worst-case hold slack is 0.036
    Info (332119):     Slack       End Point TNS Clock
    Info (332119): ========= =================== =====================
    Info (332119):     0.036               0.000 clk
Info (332140): No Recovery paths to report
Info (332140): No Removal paths to report
Info (332146): Worst-case minimum pulse width slack is 1.459
    Info (332119):     Slack       End Point TNS Clock
    Info (332119): ========= =================== =====================
    Info (332119):     1.459               0.000 clk
Info: Analyzing Fast 900mV 100C Model
Info (332146): Worst-case setup slack is 1.028
    Info (332119):     Slack       End Point TNS Clock
    Info (332119): ========= =================== =====================
    Info (332119):     1.028               0.000 clk
Info (332146): Worst-case hold slack is 0.014
    Info (332119):     Slack       End Point TNS Clock
    Info (332119): ========= =================== =====================
    Info (332119):     0.014               0.000 clk
Info (332140): No Recovery paths to report
Info (332140): No Removal paths to report
Info (332146): Worst-case minimum pulse width slack is 1.479
    Info (332119):     Slack       End Point TNS Clock
    Info (332119): ========= =================== =====================
    Info (332119):     1.479               0.000 clk
Info: Analyzing Fast 900mV 0C Model
Info (332146): Worst-case setup slack is 1.507
    Info (332119):     Slack       End Point TNS Clock
    Info (332119): ========= =================== =====================
    Info (332119):     1.507               0.000 clk
Info (332146): Worst-case hold slack is 0.012
    Info (332119):     Slack       End Point TNS Clock
    Info (332119): ========= =================== =====================
    Info (332119):     0.012               0.000 clk
Info (332140): No Recovery paths to report
Info (332140): No Removal paths to report
Info (332146): Worst-case minimum pulse width slack is 1.501
    Info (332119):     Slack       End Point TNS Clock
    Info (332119): ========= =================== =====================
    Info (332119):     1.501               0.000 clk
Info (332102): Design is not fully constrained for setup requirements
Info (332102): Design is not fully constrained for hold requirements
Info: Quartus Prime Timing Analyzer was successful. 0 errors, 2 warnings
    Info: Peak virtual memory: 3333 megabytes
    Info: Processing ended: Tue Apr 28 13:35:48 2026
    Info: Elapsed time: 00:00:12
    Info: Total CPU time (on all processors): 00:00:46


