------------------------------------------------------------
Timing Analyzer Summary
------------------------------------------------------------

Type  : Slow 900mV 100C Model Setup 'clk'
Slack : 0.008
TNS   : 0.000

Type  : Slow 900mV 100C Model Hold 'clk'
Slack : 0.043
TNS   : 0.000

Type  : Slow 900mV 100C Model Minimum Pulse Width 'clk'
Slack : 1.464
TNS   : 0.000

Type  : Slow 900mV 0C Model Setup 'clk'
Slack : 0.057
TNS   : 0.000

Type  : Slow 900mV 0C Model Hold 'clk'
Slack : 0.041
TNS   : 0.000

Type  : Slow 900mV 0C Model Minimum Pulse Width 'clk'
Slack : 1.464
TNS   : 0.000

Type  : Fast 900mV 100C Model Setup 'clk'
Slack : 0.815
TNS   : 0.000

Type  : Fast 900mV 100C Model Hold 'clk'
Slack : 0.019
TNS   : 0.000

Type  : Fast 900mV 100C Model Minimum Pulse Width 'clk'
Slack : 1.479
TNS   : 0.000

Type  : Fast 900mV 0C Model Setup 'clk'
Slack : 1.277
TNS   : 0.000

Type  : Fast 900mV 0C Model Hold 'clk'
Slack : 0.017
TNS   : 0.000

Type  : Fast 900mV 0C Model Minimum Pulse Width 'clk'
Slack : 1.501
TNS   : 0.000

------------------------------------------------------------
