Assembler report for opq_native_sv_4lane_signoff
Tue Apr 28 16:13:31 2026
Quartus Prime Version 18.1.0 Build 625 09/12/2018 SJ Standard Edition


---------------------
; Table of Contents ;
---------------------
  1. Legal Notice
  2. Assembler Summary
  3. Assembler Settings
  4. Assembler Generated Files
  5. Assembler Device Options: opq_native_sv_4lane_signoff.sof
  6. Assembler Messages



----------------
; Legal Notice ;
----------------
Copyright (C) 2018  Intel Corporation. All rights reserved.
Your use of Intel Corporation's design tools, logic functions 
and other software and tools, and its AMPP partner logic 
functions, and any output files from any of the foregoing 
(including device programming or simulation files), and any 
associated documentation or information are expressly subject 
to the terms and conditions of the Intel Program License 
Subscription Agreement, the Intel Quartus Prime License Agreement,
the Intel FPGA IP License Agreement, or other applicable license
agreement, including, without limitation, that your use is for
the sole purpose of programming logic devices manufactured by
Intel and sold by Intel or its authorized distributors.  Please
refer to the applicable agreement for further details.



+---------------------------------------------------------------+
; Assembler Summary                                             ;
+-----------------------+---------------------------------------+
; Assembler Status      ; Successful - Tue Apr 28 16:13:31 2026 ;
; Revision Name         ; opq_native_sv_4lane_signoff           ;
; Top-level Entity Name ; opq_native_sv_4lane_signoff_top       ;
; Family                ; Arria 10                              ;
; Device                ; 10AX115N2F45E1SG                      ;
+-----------------------+---------------------------------------+


+----------------------------------+
; Assembler Settings               ;
+--------+---------+---------------+
; Option ; Setting ; Default Value ;
+--------+---------+---------------+


+------------------------------------------------------------------------------------------------------------------------------------------------------------------------------------------------+
; Assembler Generated Files                                                                                                                                                                      ;
+------------------------------------------------------------------------------------------------------------------------------------------------------------------------------------------------+
; File Name                                                                                                                                                                                      ;
+------------------------------------------------------------------------------------------------------------------------------------------------------------------------------------------------+
; /home/yifeng/packages/mu3e_ip_dev/.worktrees/mu3e_ip_cores_opq_presenter_timing_20260428/packet_scheduler/syn/quartus/opq_native_sv_4lane_signoff/output_files/opq_native_sv_4lane_signoff.sof ;
+------------------------------------------------------------------------------------------------------------------------------------------------------------------------------------------------+


+-----------------------------------------------------------+
; Assembler Device Options: opq_native_sv_4lane_signoff.sof ;
+----------------+------------------------------------------+
; Option         ; Setting                                  ;
+----------------+------------------------------------------+
; JTAG usercode  ; 0xFFFFFFFF                               ;
; Checksum       ; 0x30B49584                               ;
+----------------+------------------------------------------+


+--------------------+
; Assembler Messages ;
+--------------------+
Info: *******************************************************************
Info: Running Quartus Prime Assembler
    Info: Version 18.1.0 Build 625 09/12/2018 SJ Standard Edition
    Info: Processing started: Tue Apr 28 16:12:46 2026
Info: Command: quartus_asm --read_settings_files=off --write_settings_files=off opq_native_sv_4lane_signoff -c opq_native_sv_4lane_signoff
Info: Quartus Prime Assembler was successful. 0 errors, 0 warnings
    Info: Peak virtual memory: 6941 megabytes
    Info: Processing ended: Tue Apr 28 16:13:33 2026
    Info: Elapsed time: 00:00:47
    Info: Total CPU time (on all processors): 00:00:46


