Flow report for opq_native_sv_2lane_signoff
Mon Apr 20 11:09:03 2026
Quartus Prime Version 18.1.0 Build 625 09/12/2018 SJ Standard Edition


---------------------
; Table of Contents ;
---------------------
  1. Legal Notice
  2. Flow Summary
  3. Flow Settings
  4. Flow Non-Default Global Settings
  5. Flow Elapsed Time
  6. Flow OS Summary
  7. Flow Log
  8. Flow Messages
  9. Flow Suppressed Messages



----------------
; Legal Notice ;
----------------
Copyright (C) 2018  Intel Corporation. All rights reserved.
Your use of Intel Corporation's design tools, logic functions 
and other software and tools, and its AMPP partner logic 
functions, and any output files from any of the foregoing 
(including device programming or simulation files), and any 
associated documentation or information are expressly subject 
to the terms and conditions of the Intel Program License 
Subscription Agreement, the Intel Quartus Prime License Agreement,
the Intel FPGA IP License Agreement, or other applicable license
agreement, including, without limitation, that your use is for
the sole purpose of programming logic devices manufactured by
Intel and sold by Intel or its authorized distributors.  Please
refer to the applicable agreement for further details.



+-------------------------------------------------------------------------------+
; Flow Summary                                                                  ;
+-----------------------------+-------------------------------------------------+
; Flow Status                 ; Successful - Mon Apr 20 11:08:52 2026           ;
; Quartus Prime Version       ; 18.1.0 Build 625 09/12/2018 SJ Standard Edition ;
; Revision Name               ; opq_native_sv_2lane_signoff                     ;
; Top-level Entity Name       ; opq_native_sv_2lane_signoff_top                 ;
; Family                      ; Arria 10                                        ;
; Device                      ; 10AX115N2F45E1SG                                ;
; Timing Models               ; Final                                           ;
; Logic utilization (in ALMs) ; 3,235 / 427,200 ( < 1 % )                       ;
; Total registers             ; 3132                                            ;
; Total pins                  ; 0 / 992 ( 0 % )                                 ;
; Total virtual pins          ; 18                                              ;
; Total block memory bits     ; 2,098,560 / 55,562,240 ( 4 % )                  ;
; Total DSP Blocks            ; 0 / 1,518 ( 0 % )                               ;
; Total HSSI RX channels      ; 0 / 48 ( 0 % )                                  ;
; Total HSSI TX channels      ; 0 / 48 ( 0 % )                                  ;
; Total PLLs                  ; 0 / 112 ( 0 % )                                 ;
+-----------------------------+-------------------------------------------------+


+-------------------------------------------------+
; Flow Settings                                   ;
+-------------------+-----------------------------+
; Option            ; Setting                     ;
+-------------------+-----------------------------+
; Start date & time ; 04/20/2026 11:04:40         ;
; Main task         ; Compilation                 ;
; Revision Name     ; opq_native_sv_2lane_signoff ;
+-------------------+-----------------------------+


+-----------------------------------------------------------------------------------------------------------------------------+
; Flow Non-Default Global Settings                                                                                            ;
+----------------------------------+---------------------------------+-----------------------------+-------------+------------+
; Assignment Name                  ; Value                           ; Default Value               ; Entity Name ; Section Id ;
+----------------------------------+---------------------------------+-----------------------------+-------------+------------+
; ALLOW_REGISTER_MERGING           ; Off                             ; On                          ; --          ; --         ;
; ALLOW_REGISTER_RETIMING          ; Off                             ; On                          ; --          ; --         ;
; AUTO_PARALLEL_SYNTHESIS          ; Off                             ; On                          ; --          ; --         ;
; AUTO_SHIFT_REGISTER_RECOGNITION  ; Off                             ; Auto                        ; --          ; --         ;
; COMPILER_SIGNATURE_ID            ; 235696137522073.177667588031797 ; --                          ; --          ; --         ;
; FITTER_EFFORT                    ; Standard Fit                    ; Auto Fit                    ; --          ; --         ;
; NUM_PARALLEL_PROCESSORS          ; 16                              ; --                          ; --          ; --         ;
; OPTIMIZATION_MODE                ; High Performance Effort         ; Balanced                    ; --          ; --         ;
; OPTIMIZATION_TECHNIQUE           ; Speed                           ; Balanced                    ; --          ; --         ;
; PARALLEL_SYNTHESIS               ; Off                             ; On                          ; --          ; --         ;
; PHYSICAL_SYNTHESIS               ; On                              ; Off                         ; --          ; --         ;
; PLACEMENT_EFFORT_MULTIPLIER      ; 4.0                             ; 1.0                         ; --          ; --         ;
; PROJECT_OUTPUT_DIRECTORY         ; output_files                    ; --                          ; --          ; --         ;
; REMOVE_DUPLICATE_REGISTERS       ; Off                             ; On                          ; --          ; --         ;
; ROUTER_TIMING_OPTIMIZATION_LEVEL ; MAXIMUM                         ; Normal                      ; --          ; --         ;
; SAFE_STATE_MACHINE               ; On                              ; Off                         ; --          ; --         ;
; TOP_LEVEL_ENTITY                 ; opq_native_sv_2lane_signoff_top ; opq_native_sv_2lane_signoff ; --          ; --         ;
; VERILOG_MACRO                    ; SYNTHESIS=1                     ; --                          ; --          ; --         ;
; VERILOG_MACRO                    ; OPQ_USE_NATIVE_SV               ; --                          ; --          ; --         ;
; VERILOG_MACRO                    ; OPQ_N_LANE=2                    ; --                          ; --          ; --         ;
; VERILOG_MACRO                    ; OPQ_N_SHD=256                   ; --                          ; --          ; --         ;
; VERILOG_MACRO                    ; OPQ_TICKET_FIFO_DEPTH=512       ; --                          ; --          ; --         ;
; VERILOG_MACRO                    ; OPQ_PAGE_RAM_DEPTH=65536        ; --                          ; --          ; --         ;
+----------------------------------+---------------------------------+-----------------------------+-------------+------------+


+--------------------------------------------------------------------------------------------------------------------------+
; Flow Elapsed Time                                                                                                        ;
+----------------------+--------------+-------------------------+---------------------+------------------------------------+
; Module Name          ; Elapsed Time ; Average Processors Used ; Peak Virtual Memory ; Total CPU Time (on all processors) ;
+----------------------+--------------+-------------------------+---------------------+------------------------------------+
; Analysis & Synthesis ; 00:00:23     ; 1.1                     ; 1165 MB             ; 00:00:40                           ;
; Fitter               ; 00:02:58     ; 1.6                     ; 8016 MB             ; 00:13:23                           ;
; Assembler            ; 00:00:46     ; 1.0                     ; 6916 MB             ; 00:00:46                           ;
; Timing Analyzer      ; 00:00:09     ; 1.3                     ; 3075 MB             ; 00:00:26                           ;
; Total                ; 00:04:16     ; --                      ; --                  ; 00:15:15                           ;
+----------------------+--------------+-------------------------+---------------------+------------------------------------+


+---------------------------------------------------------------------------------+
; Flow OS Summary                                                                 ;
+----------------------+------------------+---------+------------+----------------+
; Module Name          ; Machine Hostname ; OS Name ; OS Version ; Processor type ;
+----------------------+------------------+---------+------------+----------------+
; Analysis & Synthesis ; teferi.ethz.ch   ; \S -    ; \S -       ; x86_64         ;
; Fitter               ; teferi.ethz.ch   ; \S -    ; \S -       ; x86_64         ;
; Assembler            ; teferi.ethz.ch   ; \S -    ; \S -       ; x86_64         ;
; Timing Analyzer      ; teferi.ethz.ch   ; \S -    ; \S -       ; x86_64         ;
+----------------------+------------------+---------+------------+----------------+


------------
; Flow Log ;
------------
quartus_map --read_settings_files=on --write_settings_files=off opq_native_sv_2lane_signoff -c opq_native_sv_2lane_signoff
quartus_fit --read_settings_files=off --write_settings_files=off opq_native_sv_2lane_signoff -c opq_native_sv_2lane_signoff
quartus_asm --read_settings_files=off --write_settings_files=off opq_native_sv_2lane_signoff -c opq_native_sv_2lane_signoff
quartus_sta opq_native_sv_2lane_signoff -c opq_native_sv_2lane_signoff



