0.000 1.00e-06 3.51e-03 std
0.000 1.00e-06 1.98e-04 pro
0.125 1.00e-06 4.07e-02 std
0.125 1.00e-06 1.98e-04 pro
0.208 1.00e-06 3.21e-02 std
0.208 1.00e-06 9.90e-05 pro
0.271 1.00e-06 6.34e-02 std
0.271 1.00e-06 9.90e-05 pro
0.321 1.00e-06 7.39e-02 std
0.321 1.00e-06 1.98e-04 pro
0.362 1.00e-06 1.17e-02 std
0.362 1.00e-06 9.90e-05 pro
0.398 1.00e-06 6.24e-02 std
0.398 1.00e-06 1.98e-04 pro
0.429 1.00e-06 3.51e-03 std
0.429 1.00e-06 9.90e-05 pro
0.457 1.00e-06 3.21e-02 std
0.457 1.00e-06 1.00e+00 pro
0.482 1.00e-06 3.76e-02 std
0.482 1.00e-06 9.90e-05 pro
0.505 1.00e-06 1.58e-02 std
0.505 1.00e-06 9.90e-05 pro
0.526 1.00e-06 2.80e-02 std
0.526 1.00e-06 9.90e-05 pro
0.545 1.00e-06 5.27e-02 std
0.545 1.00e-06 1.98e-04 pro
0.563 1.00e-06 3.22e-02 std
0.563 1.00e-06 1.98e-04 pro
0.580 1.00e-06 2.54e-02 std
0.580 1.00e-06 1.98e-04 pro
0.595 1.00e-06 3.62e-02 std
0.595 1.00e-06 9.90e-05 pro
0.610 1.00e-06 7.59e-03 std
0.610 1.00e-06 1.98e-04 pro
0.624 1.00e-06 2.33e-02 std
0.624 1.00e-06 1.98e-04 pro
0.637 1.00e-06 2.48e-02 std
0.637 1.00e-06 1.98e-04 pro
0.649 1.00e-06 5.70e-02 std
0.649 1.00e-06 1.98e-04 pro
0.661 1.00e-06 4.69e-02 std
0.661 1.00e-06 1.98e-04 pro
0.673 1.00e-06 1.17e-02 std
